Date: 2026-06-17
Author: Vaibhav
Description: This is a sample log file

Okay, so this is a sample entry.
I'm going to write a few more lines here.
For the sake of this video, let's pretend this log file is thousands and thousands of lines... okay?